<html>
<body>
<pre>
<h1>礦ision Build Log</h1>
<h2>Tool Versions:</h2>
IDE-Version: μVision V5.21.1.0
Copyright (C) 2016 ARM Ltd and ARM Germany GmbH. All rights reserved.
License Information: D Dawn, E, LIC=MGXG8-3825T-LV21I-T7VFI-ME3BI-LZH5K
 
Tool Versions:
Toolchain:       MDK-ARM Professional  Version: 5.21a
Toolchain Path:  D:\Keil_v5\ARM\ARMCC\Bin
C Compiler:      Armcc.exe V5.06 update 3 (build 300)
Assembler:       Armasm.exe V5.06 update 3 (build 300)
Linker/Locator:  ArmLink.exe V5.06 update 3 (build 300)
Library Manager: ArmAr.exe V5.06 update 3 (build 300)
Hex Converter:   FromElf.exe V5.06 update 3 (build 300)
CPU DLL:         SARMCM3.DLL V5.21a
Dialog DLL:      DCM.DLL V1.13.8.0
Target DLL:      STLink\ST-LINKIII-KEIL_SWO.dll V2.0.18.0
Dialog DLL:      TCM.DLL V1.14.14.0
 
<h2>Project:</h2>
D:\works\20200309-GY906模块工程\STenWin_GY906\USER\STemWin.uvprojx
Project File Date:  03/12/2020

<h2>Output:</h2>
*** Using Compiler 'V5.06 update 3 (build 300)', folder: 'D:\Keil_v5\ARM\ARMCC\Bin'
Build target 'STemWin GY906_01'
compiling TemPlay02.c...
..\EMWIN\GUIBulider\TemPlay02.h(11): warning:  #1-D: last line of file ends without a newline
  #endif
..\EMWIN\GUIBulider\TemPlay02.c(80): warning:  #177-D: variable "hWin" was declared but never referenced
  		WM_HWIN hWin = pMsg->hWin;
..\EMWIN\GUIBulider\TemPlay02.c: 2 warnings, 0 errors
linking...
Program Size: Code=101286 RO-data=36870 RW-data=912 ZI-data=24624528  
FromELF: creating hex file...
"..\OBJ\Template.axf" - 0 Error(s), 2 Warning(s).

<h2>Collection of Component include folders:</h2>
  D:\works\20200309-GY906模块工程\STenWin_GY906\USER\RTE
  D:\Keil_v5\ARM\PACK\Keil\STM32F7xx_DFP\2.7.0\Drivers\CMSIS\Device\ST\STM32F7xx\Include

<h2>Collection of Component Files used:</h2>
Build Time Elapsed:  00:00:11
</pre>
</body>
</html>
